
> docuwiz-design-system@0.0.1 build-storybook
> storybook build --output-dir=/var/folders/hn/bg7xx5yj7mx6jl_m_5dj0lyh0000gn/T/chromatic--17430-8bx5IvHbt8T4

[1m@storybook/core v8.6.18
[22m
info => Cleaning outputDir: [36m../../../../var/folders/hn/bg7xx5yj7mx6jl_m_5dj0lyh0000gn/T/chromatic--17430-8bx5IvHbt8T4[39m
info => Loading presets
info => Building manager..
info => Manager built ([38;2;181;126;229m130 ms[39m)
info => Building preview..
info Using tsconfig paths for react-docgen
[36mvite v5.4.21 [32mbuilding for production...[36m[39m
transforming...
[32m✓[39m 4674 modules transformed.
rendering chunks...
computing gzip size...
[2m../../../../var/folders/hn/bg7xx5yj7mx6jl_m_5dj0lyh0000gn/T/chromatic--17430-8bx5IvHbt8T4/[22m[32miframe.html                               [39m[1m[2m   17.75 kB[22m[1m[22m[2m │ gzip:     5.00 kB[22m
[2m../../../../var/folders/hn/bg7xx5yj7mx6jl_m_5dj0lyh0000gn/T/chromatic--17430-8bx5IvHbt8T4/[22m[2massets/[22m[35mBrandAccent-C1szEi_K.css           [39m[1m[2m    0.74 kB[22m[1m[22m[2m │ gzip:     0.37 kB[22m
[2m../../../../var/folders/hn/bg7xx5yj7mx6jl_m_5dj0lyh0000gn/T/chromatic--17430-8bx5IvHbt8T4/[22m[2massets/[22m[35mRadiusModes-NaoSPmOg.css           [39m[1m[2m    1.66 kB[22m[1m[22m[2m │ gzip:     0.64 kB[22m
[2m../../../../var/folders/hn/bg7xx5yj7mx6jl_m_5dj0lyh0000gn/T/chromatic--17430-8bx5IvHbt8T4/[22m[2massets/[22m[35mTokens-B20DLTOz.css                [39m[1m[2m    1.69 kB[22m[1m[22m[2m │ gzip:     0.60 kB[22m
[2m../../../../var/folders/hn/bg7xx5yj7mx6jl_m_5dj0lyh0000gn/T/chromatic--17430-8bx5IvHbt8T4/[22m[2massets/[22m[35mIcons-CDnDWQXf.css                 [39m[1m[2m    2.03 kB[22m[1m[22m[2m │ gzip:     0.75 kB[22m
[2m../../../../var/folders/hn/bg7xx5yj7mx6jl_m_5dj0lyh0000gn/T/chromatic--17430-8bx5IvHbt8T4/[22m[2massets/[22m[35mButton-D8Nn8D0v.css                [39m[1m[2m    3.83 kB[22m[1m[22m[2m │ gzip:     1.00 kB[22m
[2m../../../../var/folders/hn/bg7xx5yj7mx6jl_m_5dj0lyh0000gn/T/chromatic--17430-8bx5IvHbt8T4/[22m[2massets/[22m[35mDropdown-p8glcGLI.css              [39m[1m[2m    7.42 kB[22m[1m[22m[2m │ gzip:     1.70 kB[22m
[2m../../../../var/folders/hn/bg7xx5yj7mx6jl_m_5dj0lyh0000gn/T/chromatic--17430-8bx5IvHbt8T4/[22m[2massets/[22m[35mInput-t1M23L7f.css                 [39m[1m[2m    7.45 kB[22m[1m[22m[2m │ gzip:     1.43 kB[22m
[2m../../../../var/folders/hn/bg7xx5yj7mx6jl_m_5dj0lyh0000gn/T/chromatic--17430-8bx5IvHbt8T4/[22m[2massets/[22m[35mpreview-fCYSFkxA.css               [39m[1m[2m   10.79 kB[22m[1m[22m[2m │ gzip:     2.67 kB[22m
[2m../../../../var/folders/hn/bg7xx5yj7mx6jl_m_5dj0lyh0000gn/T/chromatic--17430-8bx5IvHbt8T4/[22m[2massets/[22m[36mclient-C-JwFGHo.js                 [39m[1m[2m    0.09 kB[22m[1m[22m[2m │ gzip:     0.10 kB[22m
[2m../../../../var/folders/hn/bg7xx5yj7mx6jl_m_5dj0lyh0000gn/T/chromatic--17430-8bx5IvHbt8T4/[22m[2massets/[22m[36mpreview-CvbIS5ZJ.js                [39m[1m[2m    0.18 kB[22m[1m[22m[2m │ gzip:     0.16 kB[22m
[2m../../../../var/folders/hn/bg7xx5yj7mx6jl_m_5dj0lyh0000gn/T/chromatic--17430-8bx5IvHbt8T4/[22m[2massets/[22m[36m_commonjsHelpers-Cpj98o6Y.js       [39m[1m[2m    0.24 kB[22m[1m[22m[2m │ gzip:     0.18 kB[22m
[2m../../../../var/folders/hn/bg7xx5yj7mx6jl_m_5dj0lyh0000gn/T/chromatic--17430-8bx5IvHbt8T4/[22m[2massets/[22m[36mindex-DUy19JZU.js                  [39m[1m[2m    0.46 kB[22m[1m[22m[2m │ gzip:     0.30 kB[22m
[2m../../../../var/folders/hn/bg7xx5yj7mx6jl_m_5dj0lyh0000gn/T/chromatic--17430-8bx5IvHbt8T4/[22m[2massets/[22m[36mpreview-DHQbi4pV.js                [39m[1m[2m    0.61 kB[22m[1m[22m[2m │ gzip:     0.42 kB[22m
[2m../../../../var/folders/hn/bg7xx5yj7mx6jl_m_5dj0lyh0000gn/T/chromatic--17430-8bx5IvHbt8T4/[22m[2massets/[22m[36mchunk-XP5HYGXS-BHXC9YeQ.js         [39m[1m[2m    0.71 kB[22m[1m[22m[2m │ gzip:     0.40 kB[22m
[2m../../../../var/folders/hn/bg7xx5yj7mx6jl_m_5dj0lyh0000gn/T/chromatic--17430-8bx5IvHbt8T4/[22m[2massets/[22m[36mpreview-DGUiP6tS.js                [39m[1m[2m    0.71 kB[22m[1m[22m[2m │ gzip:     0.50 kB[22m
[2m../../../../var/folders/hn/bg7xx5yj7mx6jl_m_5dj0lyh0000gn/T/chromatic--17430-8bx5IvHbt8T4/[22m[2massets/[22m[36mindex-DrFu-skq.js                  [39m[1m[2m    0.77 kB[22m[1m[22m[2m │ gzip:     0.47 kB[22m
[2m../../../../var/folders/hn/bg7xx5yj7mx6jl_m_5dj0lyh0000gn/T/chromatic--17430-8bx5IvHbt8T4/[22m[2massets/[22m[36mreact-18-2hQlJ01F.js               [39m[1m[2m    0.83 kB[22m[1m[22m[2m │ gzip:     0.49 kB[22m
[2m../../../../var/folders/hn/bg7xx5yj7mx6jl_m_5dj0lyh0000gn/T/chromatic--17430-8bx5IvHbt8T4/[22m[2massets/[22m[36mjsx-runtime-BYYWji4R.js            [39m[1m[2m    0.92 kB[22m[1m[22m[2m │ gzip:     0.58 kB[22m
[2m../../../../var/folders/hn/bg7xx5yj7mx6jl_m_5dj0lyh0000gn/T/chromatic--17430-8bx5IvHbt8T4/[22m[2massets/[22m[36mpreview-BnuH-nT3.js                [39m[1m[2m    0.94 kB[22m[1m[22m[2m │ gzip:     0.59 kB[22m
[2m../../../../var/folders/hn/bg7xx5yj7mx6jl_m_5dj0lyh0000gn/T/chromatic--17430-8bx5IvHbt8T4/[22m[2massets/[22m[36mDocsRenderer-CFRXHY34-lwBCl0Ju.js  [39m[1m[2m    1.98 kB[22m[1m[22m[2m │ gzip:     1.00 kB[22m
[2m../../../../var/folders/hn/bg7xx5yj7mx6jl_m_5dj0lyh0000gn/T/chromatic--17430-8bx5IvHbt8T4/[22m[2massets/[22m[36mpreview-eh_BxbGs.js                [39m[1m[2m    2.15 kB[22m[1m[22m[2m │ gzip:     0.85 kB[22m
[2m../../../../var/folders/hn/bg7xx5yj7mx6jl_m_5dj0lyh0000gn/T/chromatic--17430-8bx5IvHbt8T4/[22m[2massets/[22m[36mpreview-D33fh4hi.js                [39m[1m[2m    2.22 kB[22m[1m[22m[2m │ gzip:     1.21 kB[22m
[2m../../../../var/folders/hn/bg7xx5yj7mx6jl_m_5dj0lyh0000gn/T/chromatic--17430-8bx5IvHbt8T4/[22m[2massets/[22m[36mIntroduction-CsM_n1Nf.js           [39m[1m[2m    2.34 kB[22m[1m[22m[2m │ gzip:     0.97 kB[22m
[2m../../../../var/folders/hn/bg7xx5yj7mx6jl_m_5dj0lyh0000gn/T/chromatic--17430-8bx5IvHbt8T4/[22m[2massets/[22m[36mRadiusModes.stories-BxeKwWQP.js    [39m[1m[2m    2.95 kB[22m[1m[22m[2m │ gzip:     1.24 kB[22m
[2m../../../../var/folders/hn/bg7xx5yj7mx6jl_m_5dj0lyh0000gn/T/chromatic--17430-8bx5IvHbt8T4/[22m[2massets/[22m[36mpreview-DD_OYowb.js                [39m[1m[2m    3.51 kB[22m[1m[22m[2m │ gzip:     1.69 kB[22m
[2m../../../../var/folders/hn/bg7xx5yj7mx6jl_m_5dj0lyh0000gn/T/chromatic--17430-8bx5IvHbt8T4/[22m[2massets/[22m[36mButton-CDEGg03k.js                 [39m[1m[2m    3.51 kB[22m[1m[22m[2m │ gzip:     1.27 kB[22m
[2m../../../../var/folders/hn/bg7xx5yj7mx6jl_m_5dj0lyh0000gn/T/chromatic--17430-8bx5IvHbt8T4/[22m[2massets/[22m[36mIcons.stories-Hjz14yIc.js          [39m[1m[2m    4.11 kB[22m[1m[22m[2m │ gzip:     1.64 kB[22m
[2m../../../../var/folders/hn/bg7xx5yj7mx6jl_m_5dj0lyh0000gn/T/chromatic--17430-8bx5IvHbt8T4/[22m[2massets/[22m[36mBrandAccent.stories-BnlwVJpF.js    [39m[1m[2m    4.60 kB[22m[1m[22m[2m │ gzip:     1.52 kB[22m
[2m../../../../var/folders/hn/bg7xx5yj7mx6jl_m_5dj0lyh0000gn/T/chromatic--17430-8bx5IvHbt8T4/[22m[2massets/[22m[36mpreview-B8lJiyuQ.js                [39m[1m[2m    5.06 kB[22m[1m[22m[2m │ gzip:     1.88 kB[22m
[2m../../../../var/folders/hn/bg7xx5yj7mx6jl_m_5dj0lyh0000gn/T/chromatic--17430-8bx5IvHbt8T4/[22m[2massets/[22m[36mTokens.stories-17JF2Ofr.js         [39m[1m[2m    5.92 kB[22m[1m[22m[2m │ gzip:     1.62 kB[22m
[2m../../../../var/folders/hn/bg7xx5yj7mx6jl_m_5dj0lyh0000gn/T/chromatic--17430-8bx5IvHbt8T4/[22m[2massets/[22m[36mindex-ClcD9ViR.js                  [39m[1m[2m    7.18 kB[22m[1m[22m[2m │ gzip:     2.92 kB[22m
[2m../../../../var/folders/hn/bg7xx5yj7mx6jl_m_5dj0lyh0000gn/T/chromatic--17430-8bx5IvHbt8T4/[22m[2massets/[22m[36mpreview-BWzBA1C2.js                [39m[1m[2m    7.62 kB[22m[1m[22m[2m │ gzip:     1.56 kB[22m
[2m../../../../var/folders/hn/bg7xx5yj7mx6jl_m_5dj0lyh0000gn/T/chromatic--17430-8bx5IvHbt8T4/[22m[2massets/[22m[36mpreview-BBWR9nbA.js                [39m[1m[2m    8.12 kB[22m[1m[22m[2m │ gzip:     3.10 kB[22m
[2m../../../../var/folders/hn/bg7xx5yj7mx6jl_m_5dj0lyh0000gn/T/chromatic--17430-8bx5IvHbt8T4/[22m[2massets/[22m[36mtest-utils-B7RDpIBK.js             [39m[1m[2m   12.99 kB[22m[1m[22m[2m │ gzip:     5.05 kB[22m
[2m../../../../var/folders/hn/bg7xx5yj7mx6jl_m_5dj0lyh0000gn/T/chromatic--17430-8bx5IvHbt8T4/[22m[2massets/[22m[36mButton.stories-Cx5xe42d.js         [39m[1m[2m   20.95 kB[22m[1m[22m[2m │ gzip:     3.91 kB[22m
[2m../../../../var/folders/hn/bg7xx5yj7mx6jl_m_5dj0lyh0000gn/T/chromatic--17430-8bx5IvHbt8T4/[22m[2massets/[22m[36mInput.stories-DLEum986.js          [39m[1m[2m   22.50 kB[22m[1m[22m[2m │ gzip:     5.53 kB[22m
[2m../../../../var/folders/hn/bg7xx5yj7mx6jl_m_5dj0lyh0000gn/T/chromatic--17430-8bx5IvHbt8T4/[22m[2massets/[22m[36mDropdown.stories-Cy7HwEPn.js       [39m[1m[2m   27.97 kB[22m[1m[22m[2m │ gzip:     6.80 kB[22m
[2m../../../../var/folders/hn/bg7xx5yj7mx6jl_m_5dj0lyh0000gn/T/chromatic--17430-8bx5IvHbt8T4/[22m[2massets/[22m[36mColor-YHDXOIA2-DXwpoj2p.js         [39m[1m[2m   29.33 kB[22m[1m[22m[2m │ gzip:    11.03 kB[22m
[2m../../../../var/folders/hn/bg7xx5yj7mx6jl_m_5dj0lyh0000gn/T/chromatic--17430-8bx5IvHbt8T4/[22m[2massets/[22m[36mmatchers-7Z3WT2CE-T3xScrR7.js      [39m[1m[2m   29.79 kB[22m[1m[22m[2m │ gzip:    10.30 kB[22m
[2m../../../../var/folders/hn/bg7xx5yj7mx6jl_m_5dj0lyh0000gn/T/chromatic--17430-8bx5IvHbt8T4/[22m[2massets/[22m[36mentry-preview-C5dJo5cu.js          [39m[1m[2m   29.85 kB[22m[1m[22m[2m │ gzip:     9.56 kB[22m
[2m../../../../var/folders/hn/bg7xx5yj7mx6jl_m_5dj0lyh0000gn/T/chromatic--17430-8bx5IvHbt8T4/[22m[2massets/[22m[36mindex-Bhelpi4i.js                  [39m[1m[2m   57.15 kB[22m[1m[22m[2m │ gzip:    16.30 kB[22m
[2m../../../../var/folders/hn/bg7xx5yj7mx6jl_m_5dj0lyh0000gn/T/chromatic--17430-8bx5IvHbt8T4/[22m[2massets/[22m[36mindex-Brl4xq4Y.js                  [39m[1m[2m  134.00 kB[22m[1m[22m[2m │ gzip:    43.17 kB[22m
[2m../../../../var/folders/hn/bg7xx5yj7mx6jl_m_5dj0lyh0000gn/T/chromatic--17430-8bx5IvHbt8T4/[22m[2massets/[22m[36miframe-tnGcecs0.js                 [39m[1m[2m  209.65 kB[22m[1m[22m[2m │ gzip:    72.19 kB[22m
[2m../../../../var/folders/hn/bg7xx5yj7mx6jl_m_5dj0lyh0000gn/T/chromatic--17430-8bx5IvHbt8T4/[22m[2massets/[22m[36mentry-preview-docs-7jaTlrcw.js     [39m[1m[2m  244.71 kB[22m[1m[22m[2m │ gzip:    73.44 kB[22m
[2m../../../../var/folders/hn/bg7xx5yj7mx6jl_m_5dj0lyh0000gn/T/chromatic--17430-8bx5IvHbt8T4/[22m[2massets/[22m[36maxe-D15F9W8j.js                    [39m[1m[33m  583.86 kB[39m[22m[2m │ gzip:   160.85 kB[22m
[2m../../../../var/folders/hn/bg7xx5yj7mx6jl_m_5dj0lyh0000gn/T/chromatic--17430-8bx5IvHbt8T4/[22m[2massets/[22m[36mpreview-CfRjIl94.js                [39m[1m[33m  660.64 kB[39m[22m[2m │ gzip:   156.57 kB[22m
[2m../../../../var/folders/hn/bg7xx5yj7mx6jl_m_5dj0lyh0000gn/T/chromatic--17430-8bx5IvHbt8T4/[22m[2massets/[22m[36mindex-DeN4tkzB.js                  [39m[1m[33m  662.40 kB[39m[22m[2m │ gzip:   157.06 kB[22m
[2m../../../../var/folders/hn/bg7xx5yj7mx6jl_m_5dj0lyh0000gn/T/chromatic--17430-8bx5IvHbt8T4/[22m[2massets/[22m[36mindex-CjJOgloG.js                  [39m[1m[33m  882.54 kB[39m[22m[2m │ gzip:   275.22 kB[22m
[2m../../../../var/folders/hn/bg7xx5yj7mx6jl_m_5dj0lyh0000gn/T/chromatic--17430-8bx5IvHbt8T4/[22m[2massets/[22m[36miconMap-Ceib7bur.js                [39m[1m[33m5,030.64 kB[39m[22m[2m │ gzip: 1,053.16 kB[22m
[32m✓ built in 15.69s[39m
info => Preview built ([38;2;181;126;229m17 s[39m)
info => Output directory: /var/folders/hn/bg7xx5yj7mx6jl_m_5dj0lyh0000gn/T/chromatic--17430-8bx5IvHbt8T4
